// Jest Snapshot v1, https://goo.gl/fbAQLP

exports[`Rockets Container component Renders Rockets correctly 1`] = `
Object {
  "asFragment": [Function],
  "baseElement": <body>
    <div>
      <div
        class="flu"
      >
        <img
          class="imge"
        />
        <div
          class="text"
        >
          <h3
            class="font"
          />
          <p
            class="my-2"
          />
          <button
            class="middle none font-sans font-bold center uppercase transition-all disabled:opacity-50 disabled:shadow-none disabled:pointer-events-none text-xs text-white shadow-blue-500/20 hover:shadow-lg focus:opacity-[0.85] focus:shadow-none active:opacity-[0.85] active:shadow-none shadow-none bg-red-700 p-2.5 rounded-md border-blue-700 border-2 hover:shadow-blue-500 hover:text-blue-500 hover:bg-white"
            type="button"
          >
            Reserve Rockets
          </button>
        </div>
      </div>
    </div>
  </body>,
  "container": <div>
    <div
      class="flu"
    >
      <img
        class="imge"
      />
      <div
        class="text"
      >
        <h3
          class="font"
        />
        <p
          class="my-2"
        />
        <button
          class="middle none font-sans font-bold center uppercase transition-all disabled:opacity-50 disabled:shadow-none disabled:pointer-events-none text-xs text-white shadow-blue-500/20 hover:shadow-lg focus:opacity-[0.85] focus:shadow-none active:opacity-[0.85] active:shadow-none shadow-none bg-red-700 p-2.5 rounded-md border-blue-700 border-2 hover:shadow-blue-500 hover:text-blue-500 hover:bg-white"
          type="button"
        >
          Reserve Rockets
        </button>
      </div>
    </div>
  </div>,
  "debug": [Function],
  "findAllByAltText": [Function],
  "findAllByDisplayValue": [Function],
  "findAllByLabelText": [Function],
  "findAllByPlaceholderText": [Function],
  "findAllByRole": [Function],
  "findAllByTestId": [Function],
  "findAllByText": [Function],
  "findAllByTitle": [Function],
  "findByAltText": [Function],
  "findByDisplayValue": [Function],
  "findByLabelText": [Function],
  "findByPlaceholderText": [Function],
  "findByRole": [Function],
  "findByTestId": [Function],
  "findByText": [Function],
  "findByTitle": [Function],
  "getAllByAltText": [Function],
  "getAllByDisplayValue": [Function],
  "getAllByLabelText": [Function],
  "getAllByPlaceholderText": [Function],
  "getAllByRole": [Function],
  "getAllByTestId": [Function],
  "getAllByText": [Function],
  "getAllByTitle": [Function],
  "getByAltText": [Function],
  "getByDisplayValue": [Function],
  "getByLabelText": [Function],
  "getByPlaceholderText": [Function],
  "getByRole": [Function],
  "getByTestId": [Function],
  "getByText": [Function],
  "getByTitle": [Function],
  "queryAllByAltText": [Function],
  "queryAllByDisplayValue": [Function],
  "queryAllByLabelText": [Function],
  "queryAllByPlaceholderText": [Function],
  "queryAllByRole": [Function],
  "queryAllByTestId": [Function],
  "queryAllByText": [Function],
  "queryAllByTitle": [Function],
  "queryByAltText": [Function],
  "queryByDisplayValue": [Function],
  "queryByLabelText": [Function],
  "queryByPlaceholderText": [Function],
  "queryByRole": [Function],
  "queryByTestId": [Function],
  "queryByText": [Function],
  "queryByTitle": [Function],
  "rerender": [Function],
  "unmount": [Function],
}
`;
